Using pre-set license
Built from '6000.0/staging' branch; Version is '6000.0.36f1 (9fe3b5f71dbb) revision 10478517'; Using compiler version '193933523'; Build Type 'Release'
OS: 'Windows 10  (10.0.19045) 64bit Professional' Language: 'pt' Physical Memory: 16208 MB
BatchMode: 1, IsHumanControllingUs: 0, StartBugReporterOnCrash: 0, Is64bit: 1, IsPro: 1

COMMAND LINE ARGUMENTS:
C:\Program Files\Unity\Hub\Editor\6000.0.36f1\Editor\Unity.exe
-adb2
-batchMode
-noUpm
-name
AssetImportWorker2
-projectPath
C:/Users/VINCENZO/roguelike
-logFile
Logs/AssetImportWorker2.log
-srvPort
50672
-job-worker-count
5
-background-job-worker-count
8
-gc-helper-count
1
Successfully changed project path to: C:/Users/VINCENZO/roguelike
C:/Users/VINCENZO/roguelike
[UnityMemory] Configuration Parameters - Can be set up in boot.config
    "memorysetup-bucket-allocator-granularity=16"
    "memorysetup-bucket-allocator-bucket-count=8"
    "memorysetup-bucket-allocator-block-size=33554432"
    "memorysetup-bucket-allocator-block-count=8"
    "memorysetup-main-allocator-block-size=16777216"
    "memorysetup-thread-allocator-block-size=16777216"
    "memorysetup-gfx-main-allocator-block-size=16777216"
    "memorysetup-gfx-thread-allocator-block-size=16777216"
    "memorysetup-cache-allocator-block-size=4194304"
    "memorysetup-typetree-allocator-block-size=2097152"
    "memorysetup-profiler-bucket-allocator-granularity=16"
    "memorysetup-profiler-bucket-allocator-bucket-count=8"
    "memorysetup-profiler-bucket-allocator-block-size=33554432"
    "memorysetup-profiler-bucket-allocator-block-count=8"
    "memorysetup-profiler-allocator-block-size=16777216"
    "memorysetup-profiler-editor-allocator-block-size=1048576"
    "memorysetup-temp-allocator-size-main=16777216"
    "memorysetup-job-temp-allocator-block-size=2097152"
    "memorysetup-job-temp-allocator-block-size-background=1048576"
    "memorysetup-job-temp-allocator-reduction-small-platforms=262144"
    "memorysetup-allocator-temp-initial-block-size-main=262144"
    "memorysetup-allocator-temp-initial-block-size-worker=262144"
    "memorysetup-temp-allocator-size-background-worker=32768"
    "memorysetup-temp-allocator-size-job-worker=262144"
    "memorysetup-temp-allocator-size-preload-manager=33554432"
    "memorysetup-temp-allocator-size-nav-mesh-worker=65536"
    "memorysetup-temp-allocator-size-audio-worker=65536"
    "memorysetup-temp-allocator-size-cloud-worker=32768"
    "memorysetup-temp-allocator-size-gi-baking-worker=262144"
    "memorysetup-temp-allocator-size-gi-baking-worker=262144"
    "memorysetup-temp-allocator-size-gi-baking-worker=262144"
    "memorysetup-temp-allocator-size-gi-baking-worker=262144"
    "memorysetup-temp-allocator-size-gi-baking-worker=262144"
    "memorysetup-temp-allocator-size-gfx=262144"
Player connection [23096]  Target information:

Player connection [23096]  * "[IP] 192.168.15.69 [Port] 0 [Flags] 2 [Guid] 2601961734 [EditorId] 2601961734 [Version] 1048832 [Id] WindowsEditor(7,DESKTOP-E5U5H8D) [Debug] 1 [PackageName] WindowsEditor [ProjectName] Editor" 

Player connection [23096] Host joined multi-casting on [225.0.0.222:54997]...
Player connection [23096] Host joined alternative multi-casting on [225.0.0.222:34997]...
JobSystem: Creating JobQueue using job-worker-count value 5
Input System module state changed to: Initialized.
[Physics::Module] Initialized fallback backend.
[Physics::Module] Id: 0xdecafbad
Library Redirect Path: Library/
[Physics::Module] Selected backend.
[Physics::Module] Name: PhysX
[Physics::Module] Id: 0xf2b8ea05
[Physics::Module] SDK Version: 4.1.2
[Physics::Module] Integration Version: 1.0.0
[Physics::Module] Threading Mode: Multi-Threaded
Refreshing native plugins compatible for Editor in 4.37 ms, found 4 plugins.
Preloading 0 native plugins for Editor in 0.00 ms.
Initialize engine version: 6000.0.36f1 (9fe3b5f71dbb)
[Subsystems] Discovering subsystems at path C:/Program Files/Unity/Hub/Editor/6000.0.36f1/Editor/Data/Resources/UnitySubsystems
[Subsystems] Discovering subsystems at path C:/Users/VINCENZO/roguelike/Assets
GfxDevice: creating device client; kGfxThreadingModeNonThreaded
Direct3D:
    Version:  Direct3D 11.0 [level 11.1]
    Renderer: NVIDIA GeForce RTX 3060 (ID=0x2504)
    Vendor:   NVIDIA
    VRAM:     12115 MB
    Driver:   32.0.15.6094
Initialize mono
Mono path[0] = 'C:/Program Files/Unity/Hub/Editor/6000.0.36f1/Editor/Data/Managed'
Mono path[1] = 'C:/Program Files/Unity/Hub/Editor/6000.0.36f1/Editor/Data/MonoBleedingEdge/lib/mono/unityjit-win32'
Mono config path = 'C:/Program Files/Unity/Hub/Editor/6000.0.36f1/Editor/Data/MonoBleedingEdge/etc'
Using monoOptions --debugger-agent=transport=dt_socket,embedding=1,server=y,suspend=n,address=127.0.0.1:56492
Begin MonoManager ReloadAssembly
Registering precompiled unity dll's ...
Register platform support module: C:/Program Files/Unity/Hub/Editor/6000.0.36f1/Editor/Data/PlaybackEngines/WebGLSupport/UnityEditor.WebGL.Extensions.dll
Register platform support module: C:/Program Files/Unity/Hub/Editor/6000.0.36f1/Editor/Data/PlaybackEngines/WindowsStandaloneSupport/UnityEditor.WindowsStandalone.Extensions.dll
Register platform support module: C:/Program Files/Unity/Hub/Editor/6000.0.36f1/Editor/Data/PlaybackEngines/AndroidPlayer/UnityEditor.Android.Extensions.dll
Registered in 0.007283 seconds.
- Loaded All Assemblies, in  0.511 seconds
Native extension for Android target not found
Android Extension - Scanning For ADB Devices 352 ms
Native extension for WindowsStandalone target not found
Native extension for WebGL target not found
Mono: successfully reloaded assembly
- Finished resetting the current domain, in  0.808 seconds
Domain Reload Profiling: 1315ms
	BeginReloadAssembly (159ms)
		ExecutionOrderSort (0ms)
		DisableScriptedObjects (0ms)
		BackupInstance (0ms)
		ReleaseScriptingObjects (0ms)
		CreateAndSetChildDomain (1ms)
	RebuildCommonClasses (42ms)
	RebuildNativeTypeToScriptingClass (14ms)
	initialDomainReloadingComplete (64ms)
	LoadAllAssembliesAndSetupDomain (227ms)
		LoadAssemblies (155ms)
		RebuildTransferFunctionScriptingTraits (0ms)
		AnalyzeDomain (223ms)
			TypeCache.Refresh (221ms)
				TypeCache.ScanAssembly (202ms)
			BuildScriptInfoCaches (0ms)
			ResolveRequiredComponents (1ms)
	FinalizeReload (808ms)
		ReleaseScriptCaches (0ms)
		RebuildScriptCaches (0ms)
		SetupLoadedEditorAssemblies (749ms)
			LogAssemblyErrors (0ms)
			InitializePlatformSupportModulesInManaged (461ms)
			SetLoadedEditorAssemblies (4ms)
			BeforeProcessingInitializeOnLoad (57ms)
			ProcessInitializeOnLoadAttributes (150ms)
			ProcessInitializeOnLoadMethodAttributes (78ms)
			AfterProcessingInitializeOnLoad (0ms)
			EditorAssembliesLoaded (0ms)
		ExecutionOrderSort2 (0ms)
		AwakeInstancesAfterBackupRestoration (0ms)
========================================================================
Worker process is ready to serve import requests
Import Worker Mode flag is 0x00
Begin MonoManager ReloadAssembly
- Loaded All Assemblies, in  1.068 seconds
Refreshing native plugins compatible for Editor in 2.34 ms, found 4 plugins.
Native extension for Android target not found
Native extension for WindowsStandalone target not found
Native extension for WebGL target not found
Mono: successfully reloaded assembly
- Finished resetting the current domain, in  0.984 seconds
Domain Reload Profiling: 2042ms
	BeginReloadAssembly (210ms)
		ExecutionOrderSort (0ms)
		DisableScriptedObjects (7ms)
		BackupInstance (0ms)
		ReleaseScriptingObjects (0ms)
		CreateAndSetChildDomain (32ms)
	RebuildCommonClasses (54ms)
	RebuildNativeTypeToScriptingClass (18ms)
	initialDomainReloadingComplete (53ms)
	LoadAllAssembliesAndSetupDomain (723ms)
		LoadAssemblies (493ms)
		RebuildTransferFunctionScriptingTraits (0ms)
		AnalyzeDomain (364ms)
			TypeCache.Refresh (279ms)
				TypeCache.ScanAssembly (256ms)
			BuildScriptInfoCaches (67ms)
			ResolveRequiredComponents (14ms)
	FinalizeReload (984ms)
		ReleaseScriptCaches (0ms)
		RebuildScriptCaches (0ms)
		SetupLoadedEditorAssemblies (792ms)
			LogAssemblyErrors (0ms)
			InitializePlatformSupportModulesInManaged (14ms)
			SetLoadedEditorAssemblies (4ms)
			BeforeProcessingInitializeOnLoad (142ms)
			ProcessInitializeOnLoadAttributes (496ms)
			ProcessInitializeOnLoadMethodAttributes (126ms)
			AfterProcessingInitializeOnLoad (10ms)
			EditorAssembliesLoaded (0ms)
		ExecutionOrderSort2 (0ms)
		AwakeInstancesAfterBackupRestoration (7ms)
Launched and connected shader compiler UnityShaderCompiler.exe after 0.02 seconds
Refreshing native plugins compatible for Editor in 2.54 ms, found 4 plugins.
Preloading 0 native plugins for Editor in 0.00 ms.
Unloading 219 Unused Serialized files (Serialized files now loaded: 0)
Unloading 6767 unused Assets / (5.0 MB). Loaded Objects now: 7464.
Memory consumption went from 182.0 MB to 177.0 MB.
Total: 9.992300 ms (FindLiveObjects: 0.863500 ms CreateObjectMapping: 1.305900 ms MarkObjects: 5.024900 ms  DeleteObjects: 2.796600 ms)

========================================================================
Received Import Request.
  Time since last request: 33926.682971 seconds.
  path: Assets/Design Toolbox/Sprites/Heathen Engineering/Icons/Free Flat Button Solid Left 3 Icon.png
  artifactKey: Guid(18e5191cf4ec7cb4fb09b913d3cb123f) Importer(815301076,1909f56bfc062723c751e8b465ee728b)
Start importing Assets/Design Toolbox/Sprites/Heathen Engineering/Icons/Free Flat Button Solid Left 3 Icon.png using Guid(18e5191cf4ec7cb4fb09b913d3cb123f) Importer(815301076,1909f56bfc062723c751e8b465ee728b) (PreviewImporter) -> (artifact id: '6be9ac1a3a9de1ab2d237eb02b91e395') in 0.1442078 seconds
Number of updated asset objects reloaded before import = 0Number of asset objects unloaded after import = 3

========================================================================
Received Import Request.
  Time since last request: 6.588727 seconds.
  path: Assets/Design Toolbox/Sprites/Heathen Engineering/Icons/Free Flat Cart Icon.png
  artifactKey: Guid(f34607a2337e1fa4da91f3aef1cb73c3) Importer(815301076,1909f56bfc062723c751e8b465ee728b)
Start importing Assets/Design Toolbox/Sprites/Heathen Engineering/Icons/Free Flat Cart Icon.png using Guid(f34607a2337e1fa4da91f3aef1cb73c3) Importer(815301076,1909f56bfc062723c751e8b465ee728b) (PreviewImporter) -> (artifact id: 'ee49c64744ed2c79b336e1e3aaa002a3') in 0.0181497 seconds
Number of updated asset objects reloaded before import = 0Number of asset objects unloaded after import = 3

========================================================================
Received Import Request.
  Time since last request: 0.000017 seconds.
  path: Assets/Design Toolbox/Sprites/Heathen Engineering/Icons/Free Flat Chat 1 Blank Icon.png
  artifactKey: Guid(71d79bf573254f644a28e7c73e416105) Importer(815301076,1909f56bfc062723c751e8b465ee728b)
Start importing Assets/Design Toolbox/Sprites/Heathen Engineering/Icons/Free Flat Chat 1 Blank Icon.png using Guid(71d79bf573254f644a28e7c73e416105) Importer(815301076,1909f56bfc062723c751e8b465ee728b) (PreviewImporter) -> (artifact id: '02d24346a8880f511293097b203985fd') in 0.0208041 seconds
Number of updated asset objects reloaded before import = 0Number of asset objects unloaded after import = 3

========================================================================
Received Import Request.
  Time since last request: 0.000016 seconds.
  path: Assets/Design Toolbox/Sprites/Heathen Engineering/Icons/Free Flat Chat 1 Question Icon.png
  artifactKey: Guid(7e666620d72e96e48b03c1a3bcfe774e) Importer(815301076,1909f56bfc062723c751e8b465ee728b)
Start importing Assets/Design Toolbox/Sprites/Heathen Engineering/Icons/Free Flat Chat 1 Question Icon.png using Guid(7e666620d72e96e48b03c1a3bcfe774e) Importer(815301076,1909f56bfc062723c751e8b465ee728b) (PreviewImporter) -> (artifact id: '49f2a223c115b8a918f13a2ee0ad410d') in 0.0164447 seconds
Number of updated asset objects reloaded before import = 0Number of asset objects unloaded after import = 3

========================================================================
Received Import Request.
  Time since last request: 2.477324 seconds.
  path: Assets/Design Toolbox/Sprites/Heathen Engineering/Icons/Free Flat Button Solid B Icon.png
  artifactKey: Guid(f4e83e5b560bef7408b322d1703b4d22) Importer(815301076,1909f56bfc062723c751e8b465ee728b)
Start importing Assets/Design Toolbox/Sprites/Heathen Engineering/Icons/Free Flat Button Solid B Icon.png using Guid(f4e83e5b560bef7408b322d1703b4d22) Importer(815301076,1909f56bfc062723c751e8b465ee728b) (PreviewImporter) -> (artifact id: '0649c5fea36bf4666d03067c3d935186') in 0.0226519 seconds
Number of updated asset objects reloaded before import = 0Number of asset objects unloaded after import = 3

========================================================================
Received Import Request.
  Time since last request: 0.000016 seconds.
  path: Assets/Design Toolbox/Sprites/Heathen Engineering/Icons/Free Flat Button Solid Left 1 Icon.png
  artifactKey: Guid(5bc5c58f25a195e48a39ed8a641b7399) Importer(815301076,1909f56bfc062723c751e8b465ee728b)
Start importing Assets/Design Toolbox/Sprites/Heathen Engineering/Icons/Free Flat Button Solid Left 1 Icon.png using Guid(5bc5c58f25a195e48a39ed8a641b7399) Importer(815301076,1909f56bfc062723c751e8b465ee728b) (PreviewImporter) -> (artifact id: '7afe6a1bdd1ccba6f771bf20616bf940') in 0.0233215 seconds
Number of updated asset objects reloaded before import = 0Number of asset objects unloaded after import = 3

========================================================================
Received Import Request.
  Time since last request: 0.000019 seconds.
  path: Assets/Design Toolbox/Sprites/Heathen Engineering/Icons/Free Flat Button Blank Triangle Icon.png
  artifactKey: Guid(7b25fbafa09b7ed4c853b32bed5e90f4) Importer(815301076,1909f56bfc062723c751e8b465ee728b)
Start importing Assets/Design Toolbox/Sprites/Heathen Engineering/Icons/Free Flat Button Blank Triangle Icon.png using Guid(7b25fbafa09b7ed4c853b32bed5e90f4) Importer(815301076,1909f56bfc062723c751e8b465ee728b) (PreviewImporter) -> (artifact id: '20daf295df02f01aaec4e6b34664bf2f') in 0.0205713 seconds
Number of updated asset objects reloaded before import = 0Number of asset objects unloaded after import = 3

========================================================================
Received Import Request.
  Time since last request: 0.000015 seconds.
  path: Assets/Design Toolbox/Sprites/Heathen Engineering/Icons/Free Flat Button Blank Left Bumper Icon.png
  artifactKey: Guid(90bb85824309d2d4d8cdb0544041a973) Importer(815301076,1909f56bfc062723c751e8b465ee728b)
Start importing Assets/Design Toolbox/Sprites/Heathen Engineering/Icons/Free Flat Button Blank Left Bumper Icon.png using Guid(90bb85824309d2d4d8cdb0544041a973) Importer(815301076,1909f56bfc062723c751e8b465ee728b) (PreviewImporter) -> (artifact id: '2e68223dfc3000bb71f17513e1a175e8') in 0.0216546 seconds
Number of updated asset objects reloaded before import = 0Number of asset objects unloaded after import = 3

========================================================================
Received Import Request.
  Time since last request: 0.000035 seconds.
  path: Assets/Design Toolbox/Sprites/Heathen Engineering/Icons/Free Flat Button Blank Right 1 Icon.png
  artifactKey: Guid(55040708e249eda4486ec40810a73f60) Importer(815301076,1909f56bfc062723c751e8b465ee728b)
Start importing Assets/Design Toolbox/Sprites/Heathen Engineering/Icons/Free Flat Button Blank Right 1 Icon.png using Guid(55040708e249eda4486ec40810a73f60) Importer(815301076,1909f56bfc062723c751e8b465ee728b) (PreviewImporter) -> (artifact id: 'df6b26b5ec7d7669e69ae7650b9d4a11') in 0.0262767 seconds
Number of updated asset objects reloaded before import = 0Number of asset objects unloaded after import = 3

========================================================================
Received Import Request.
  Time since last request: 0.000016 seconds.
  path: Assets/Design Toolbox/Sprites/Heathen Engineering/Icons/Free Flat Button Blank Right Icon.png
  artifactKey: Guid(3fa719a8f0beb164b89eacd7130bb9f3) Importer(815301076,1909f56bfc062723c751e8b465ee728b)
Start importing Assets/Design Toolbox/Sprites/Heathen Engineering/Icons/Free Flat Button Blank Right Icon.png using Guid(3fa719a8f0beb164b89eacd7130bb9f3) Importer(815301076,1909f56bfc062723c751e8b465ee728b) (PreviewImporter) -> (artifact id: '4d83b925aea1efa647ab929c0c33b4f0') in 0.0198593 seconds
Number of updated asset objects reloaded before import = 0Number of asset objects unloaded after import = 3

========================================================================
Received Import Request.
  Time since last request: 0.000020 seconds.
  path: Assets/Design Toolbox/Sprites/Heathen Engineering/Icons/Free Flat Button Blank Left Trigger Icon.png
  artifactKey: Guid(5bfbb18ec577f0e47b617770aff8d907) Importer(815301076,1909f56bfc062723c751e8b465ee728b)
Start importing Assets/Design Toolbox/Sprites/Heathen Engineering/Icons/Free Flat Button Blank Left Trigger Icon.png using Guid(5bfbb18ec577f0e47b617770aff8d907) Importer(815301076,1909f56bfc062723c751e8b465ee728b) (PreviewImporter) -> (artifact id: '0248926e3b1a579e624c4f44fbd4fe9f') in 0.0186237 seconds
Number of updated asset objects reloaded before import = 0Number of asset objects unloaded after import = 3

========================================================================
Received Import Request.
  Time since last request: 0.019556 seconds.
  path: Assets/Kawaii Survivor/Sprites/UI/Button_Base.png
  artifactKey: Guid(54d7f48ae17a46d419453569754766f9) Importer(815301076,1909f56bfc062723c751e8b465ee728b)
Start importing Assets/Kawaii Survivor/Sprites/UI/Button_Base.png using Guid(54d7f48ae17a46d419453569754766f9) Importer(815301076,1909f56bfc062723c751e8b465ee728b) (PreviewImporter) -> (artifact id: '7e320386506fc13b56f0ef5ffe0aec5f') in 0.0180128 seconds
Number of updated asset objects reloaded before import = 0Number of asset objects unloaded after import = 3

========================================================================
Received Import Request.
  Time since last request: 0.000047 seconds.
  path: Assets/Design Toolbox/Sprites/Heathen Engineering/Icons/Free Flat Button Blank A Icon.png
  artifactKey: Guid(9b33052baeedce34f9d3fb0bd54ee01e) Importer(815301076,1909f56bfc062723c751e8b465ee728b)
Start importing Assets/Design Toolbox/Sprites/Heathen Engineering/Icons/Free Flat Button Blank A Icon.png using Guid(9b33052baeedce34f9d3fb0bd54ee01e) Importer(815301076,1909f56bfc062723c751e8b465ee728b) (PreviewImporter) -> (artifact id: '096fe83fccf17b6cdaeebba957343c41') in 0.0248276 seconds
Number of updated asset objects reloaded before import = 0Number of asset objects unloaded after import = 3

========================================================================
Received Import Request.
  Time since last request: 0.000046 seconds.
  path: Assets/Design Toolbox/Sprites/Heathen Engineering/Icons/Free Flat Button Blank Left 2 Icon.png
  artifactKey: Guid(e884030ede1e6034d84629a0b4acb5be) Importer(815301076,1909f56bfc062723c751e8b465ee728b)
Start importing Assets/Design Toolbox/Sprites/Heathen Engineering/Icons/Free Flat Button Blank Left 2 Icon.png using Guid(e884030ede1e6034d84629a0b4acb5be) Importer(815301076,1909f56bfc062723c751e8b465ee728b) (PreviewImporter) -> (artifact id: '77a9b7d2f44b4d5323a4791301129fa3') in 0.0264694 seconds
Number of updated asset objects reloaded before import = 0Number of asset objects unloaded after import = 3

Editor requested this worker to shutdown with reason: Scaling down because of idle timeout
AssetImportWorker is now disconnected from the server
Process exiting
Exiting without the bug reporter. Application will terminate with return code 0